// Jest Snapshot v1, https://goo.gl/fbAQLP

exports[`Player matches the snapshot 1`] = `
ShallowWrapper {
  "complexSelector": ComplexSelector {
    "buildPredicate": [Function],
    "childrenOfNode": [Function],
    "findWhereUnwrapped": [Function],
  },
  "length": 1,
  "node": <div
    className="ar16_9"
>
    <video
        controls={true}
        preload="metadata"
    >
        <source
            src="BEST_APIplay/omg"
            type="video/mp4"
        />
        Your browser does not support the 
        <code>
            video
        </code>
         element.
    </video>
</div>,
  "nodes": Array [
    <div
      className="ar16_9"
>
      <video
            controls={true}
            preload="metadata"
      >
            <source
                  src="BEST_APIplay/omg"
                  type="video/mp4"
            />
            Your browser does not support the 
            <code>
                  video
            </code>
             element.
      </video>
</div>,
  ],
  "options": Object {},
  "renderer": ReactShallowRenderer {
    "_instance": ShallowComponentWrapper {
      "_calledComponentWillUnmount": false,
      "_compositeType": 2,
      "_context": Object {},
      "_currentElement": <Unknown
        ext=".mp4"
        id="omg"
/>,
      "_debugID": 1,
      "_hostContainerInfo": null,
      "_hostParent": null,
      "_instance": StatelessComponent {
        "_reactInternalInstance": [Circular],
        "context": Object {},
        "props": Object {
          "ext": ".mp4",
          "id": "omg",
        },
        "refs": Object {},
        "state": null,
        "updater": Object {
          "enqueueCallback": [Function],
          "enqueueCallbackInternal": [Function],
          "enqueueElementInternal": [Function],
          "enqueueForceUpdate": [Function],
          "enqueueReplaceState": [Function],
          "enqueueSetState": [Function],
          "isMounted": [Function],
          "validateCallback": [Function],
        },
      },
      "_mountOrder": 1,
      "_pendingCallbacks": null,
      "_pendingElement": null,
      "_pendingForceUpdate": false,
      "_pendingReplaceState": false,
      "_pendingStateQueue": null,
      "_renderedComponent": NoopInternalComponent {
        "_currentElement": <div
          className="ar16_9"
>
          <video
                    controls={true}
                    preload="metadata"
          >
                    <source
                              src="BEST_APIplay/omg"
                              type="video/mp4"
                    />
                    Your browser does not support the 
                    <code>
                              video
                    </code>
                     element.
          </video>
</div>,
        "_debugID": 2,
        "_renderedOutput": <div
          className="ar16_9"
>
          <video
                    controls={true}
                    preload="metadata"
          >
                    <source
                              src="BEST_APIplay/omg"
                              type="video/mp4"
                    />
                    Your browser does not support the 
                    <code>
                              video
                    </code>
                     element.
          </video>
</div>,
      },
      "_renderedNodeType": 0,
      "_rootNodeID": 0,
      "_topLevelWrapper": null,
      "_updateBatchNumber": null,
      "_warnedAboutRefsInRender": false,
    },
    "getRenderOutput": [Function],
    "render": [Function],
  },
  "root": [Circular],
  "unrendered": <Unknown
    ext=".mp4"
    id="omg"
/>,
}
`;
