// Jest Snapshot v1, https://goo.gl/fbAQLP

exports[`VideoSearch matches the snapshot 1`] = `
ShallowWrapper {
  "complexSelector": ComplexSelector {
    "buildPredicate": [Function],
    "childrenOfNode": [Function],
    "findWhereUnwrapped": [Function],
  },
  "length": 1,
  "node": <Input
    defaultValue=""
    onKeyUp={[Function]}
    placeholder="search files..."
    tag="p"
    type="text"
/>,
  "nodes": Array [
    <Input
      defaultValue=""
      onKeyUp={[Function]}
      placeholder="search files..."
      tag="p"
      type="text"
/>,
  ],
  "options": Object {},
  "renderer": ReactShallowRenderer {
    "_instance": ShallowComponentWrapper {
      "_calledComponentWillUnmount": false,
      "_compositeType": 1,
      "_context": Object {},
      "_currentElement": <VideoSearch
        performSearch={[Function]}
        search=""
/>,
      "_debugID": 1,
      "_hostContainerInfo": null,
      "_hostParent": null,
      "_instance": VideoSearch {
        "_reactInternalInstance": [Circular],
        "context": Object {},
        "debouncedSearch": [Function],
        "props": Object {
          "performSearch": [Function],
          "search": "",
        },
        "refs": Object {},
        "state": null,
        "updater": Object {
          "enqueueCallback": [Function],
          "enqueueCallbackInternal": [Function],
          "enqueueElementInternal": [Function],
          "enqueueForceUpdate": [Function],
          "enqueueReplaceState": [Function],
          "enqueueSetState": [Function],
          "isMounted": [Function],
          "validateCallback": [Function],
        },
      },
      "_mountOrder": 1,
      "_pendingCallbacks": null,
      "_pendingElement": null,
      "_pendingForceUpdate": false,
      "_pendingReplaceState": false,
      "_pendingStateQueue": null,
      "_renderedComponent": NoopInternalComponent {
        "_currentElement": <Input
          defaultValue=""
          onKeyUp={[Function]}
          placeholder="search files..."
          tag="p"
          type="text"
/>,
        "_debugID": 2,
        "_renderedOutput": <Input
          defaultValue=""
          onKeyUp={[Function]}
          placeholder="search files..."
          tag="p"
          type="text"
/>,
      },
      "_renderedNodeType": 1,
      "_rootNodeID": 0,
      "_topLevelWrapper": null,
      "_updateBatchNumber": null,
      "_warnedAboutRefsInRender": false,
    },
    "getRenderOutput": [Function],
    "render": [Function],
  },
  "root": [Circular],
  "unrendered": <VideoSearch
    performSearch={[Function]}
    search=""
/>,
}
`;
