// Jest Snapshot v1, https://goo.gl/fbAQLP

exports[`Video matches the snapshot 1`] = `
ShallowWrapper {
  "complexSelector": ComplexSelector {
    "buildPredicate": [Function],
    "childrenOfNode": [Function],
    "findWhereUnwrapped": [Function],
  },
  "length": 1,
  "node": <div>
    <div
        className="flex"
    >
        <Connect(VideoSearch) />
        <Connect(Component) />
    </div>
    <Connect(Component) />
</div>,
  "nodes": Array [
    <div>
      <div
            className="flex"
      >
            <Connect(VideoSearch) />
            <Connect(Component) />
      </div>
      <Connect(Component) />
</div>,
  ],
  "options": Object {},
  "renderer": ReactShallowRenderer {
    "_instance": ShallowComponentWrapper {
      "_calledComponentWillUnmount": false,
      "_compositeType": 1,
      "_context": Object {},
      "_currentElement": <Videos
        initialized={false}
        loadVideos={[Function]}
/>,
      "_debugID": 1,
      "_hostContainerInfo": null,
      "_hostParent": null,
      "_instance": Videos {
        "_reactInternalInstance": [Circular],
        "context": Object {},
        "props": Object {
          "initialized": false,
          "loadVideos": [Function],
        },
        "refs": Object {},
        "state": null,
        "updater": Object {
          "enqueueCallback": [Function],
          "enqueueCallbackInternal": [Function],
          "enqueueElementInternal": [Function],
          "enqueueForceUpdate": [Function],
          "enqueueReplaceState": [Function],
          "enqueueSetState": [Function],
          "isMounted": [Function],
          "validateCallback": [Function],
        },
      },
      "_mountOrder": 1,
      "_pendingCallbacks": null,
      "_pendingElement": null,
      "_pendingForceUpdate": false,
      "_pendingReplaceState": false,
      "_pendingStateQueue": null,
      "_renderedComponent": NoopInternalComponent {
        "_currentElement": <div>
          <div
                    className="flex"
          >
                    <Connect(VideoSearch) />
                    <Connect(Component) />
          </div>
          <Connect(Component) />
</div>,
        "_debugID": 2,
        "_renderedOutput": <div>
          <div
                    className="flex"
          >
                    <Connect(VideoSearch) />
                    <Connect(Component) />
          </div>
          <Connect(Component) />
</div>,
      },
      "_renderedNodeType": 0,
      "_rootNodeID": 0,
      "_topLevelWrapper": null,
      "_updateBatchNumber": null,
      "_warnedAboutRefsInRender": false,
    },
    "getRenderOutput": [Function],
    "render": [Function],
  },
  "root": [Circular],
  "unrendered": <Videos
    initialized={false}
    loadVideos={[Function]}
/>,
}
`;
